2026-09-26 10:20:16,105 [INFO] CNCMachine en operación
2026-09-26 10:20:16,106 [INFO] CNCMachine detenida
2026-09-26 10:20:16,124 [INFO] Orden 1 registrada
2026-09-26 10:20:16,127 [INFO] Orden 1 registrada
2026-09-26 10:20:16,127 [INFO] Orden de producción 1 iniciada
2026-09-26 10:20:16,130 [INFO] Orden 1 registrada
2026-09-26 10:20:16,131 [INFO] Orden de producción 1 iniciada
2026-09-26 10:20:16,131 [INFO] Orden de producción 1 completada
2026-09-26 10:20:16,133 [INFO] Orden 1 registrada
2026-09-26 10:20:16,147 [INFO] Orden 1 registrada
2026-09-26 10:20:16,148 [INFO] Orden 2 registrada
2026-09-26 10:20:16,148 [INFO] Orden 3 registrada
2026-09-26 10:20:16,152 [INFO] Orden 1 registrada
2026-09-26 10:20:16,152 [INFO] Orden de producción 1 iniciada
2026-09-26 10:20:16,155 [INFO] Orden OP-200 registrada
2026-09-26 10:20:16,158 [INFO] CNCMachine en operación
2026-09-26 10:20:16,158 [INFO] Orden OP-201 registrada
2026-09-26 10:20:16,158 [INFO] Orden de producción OP-201 iniciada
2026-09-26 10:21:11,961 [INFO] CNCMachine en operación
2026-09-26 10:21:11,962 [INFO] Orden OP-002 registrada
2026-09-26 10:21:11,962 [INFO] Orden OP-003 registrada
2026-09-26 10:21:11,962 [INFO] Orden OP-004 registrada
2026-09-26 10:21:11,963 [INFO] Orden de producción OP-002 iniciada
2026-09-26 10:33:29,140 [INFO] CNCMachine en operación
2026-09-26 10:33:29,141 [INFO] CNCMachine detenida
2026-09-26 10:33:29,156 [INFO] Orden 1 registrada
2026-09-26 10:33:29,158 [INFO] Orden 1 registrada
2026-09-26 10:33:29,159 [INFO] Orden de producción 1 iniciada
2026-09-26 10:33:29,162 [INFO] Orden 1 registrada
2026-09-26 10:33:29,162 [INFO] Orden de producción 1 iniciada
2026-09-26 10:33:29,162 [INFO] Orden de producción 1 completada
2026-09-26 10:33:29,165 [INFO] Orden 1 registrada
2026-09-26 10:33:29,181 [INFO] mensaje de prueba
2026-09-26 10:33:29,365 [INFO] Orden 1 registrada
2026-09-26 10:33:29,365 [INFO] Orden 2 registrada
2026-09-26 10:33:29,365 [INFO] Orden 3 registrada
2026-09-26 10:33:29,367 [INFO] Orden 1 registrada
2026-09-26 10:33:29,368 [INFO] Orden de producción 1 iniciada
2026-09-26 10:33:29,370 [INFO] Orden OP-200 registrada
2026-09-26 10:33:29,373 [INFO] CNCMachine en operación
2026-09-26 10:33:29,373 [INFO] Orden OP-201 registrada
2026-09-26 10:33:29,373 [INFO] Orden de producción OP-201 iniciada
2026-09-26 10:36:59,802 [INFO] CNCMachine en operación
2026-09-26 10:36:59,802 [INFO] CNCMachine detenida
2026-09-26 10:36:59,820 [INFO] Orden 1 registrada
2026-09-26 10:36:59,822 [INFO] Orden 1 registrada
2026-09-26 10:36:59,822 [INFO] Orden de producción 1 iniciada
2026-09-26 10:36:59,825 [INFO] Orden 1 registrada
2026-09-26 10:36:59,826 [INFO] Orden de producción 1 iniciada
2026-09-26 10:36:59,826 [INFO] Orden de producción 1 completada
2026-09-26 10:36:59,829 [INFO] Orden 1 registrada
2026-09-26 10:36:59,870 [INFO] Orden 1 registrada
2026-09-26 10:36:59,870 [INFO] Orden 2 registrada
2026-09-26 10:36:59,870 [INFO] Orden 3 registrada
2026-09-26 10:36:59,872 [INFO] Orden 1 registrada
2026-09-26 10:36:59,873 [INFO] Orden de producción 1 iniciada
2026-09-26 10:36:59,876 [INFO] Orden OP-200 registrada
2026-09-26 10:36:59,880 [INFO] CNCMachine en operación
2026-09-26 10:36:59,880 [INFO] Orden OP-201 registrada
2026-09-26 10:36:59,880 [INFO] Orden de producción OP-201 iniciada
2026-09-26 11:10:21,049 [INFO] CNCMachine en operación
2026-09-26 11:10:21,049 [INFO] Orden OP-002 registrada
2026-09-26 11:10:21,049 [INFO] Orden OP-003 registrada
2026-09-26 11:10:21,049 [INFO] Orden OP-004 registrada
2026-09-26 11:10:21,050 [INFO] Orden de producción OP-002 iniciada
2026-09-26 13:10:23,449 [INFO] CNCMachine en operación
2026-09-26 13:10:23,450 [INFO] Orden OP-002 registrada
2026-09-26 13:10:23,450 [INFO] Orden OP-003 registrada
2026-09-26 13:10:23,450 [INFO] Orden OP-004 registrada
2026-09-26 13:10:23,451 [INFO] Orden de producción OP-002 iniciada
2026-09-26 13:10:33,992 [INFO] CNCMachine en operación
2026-09-26 13:10:33,992 [INFO] Orden OP-002 registrada
2026-09-26 13:10:33,992 [INFO] Orden OP-003 registrada
2026-09-26 13:10:33,992 [INFO] Orden OP-004 registrada
2026-09-26 13:10:33,993 [INFO] Orden de producción OP-002 iniciada
2026-09-26 13:10:44,757 [INFO] CNCMachine en operación
2026-09-26 13:10:44,757 [INFO] CNCMachine detenida
2026-09-26 13:10:44,763 [INFO] Orden 1 registrada
2026-09-26 13:10:44,764 [INFO] Orden 1 registrada
2026-09-26 13:10:44,764 [INFO] Orden de producción 1 iniciada
2026-09-26 13:10:44,765 [INFO] Orden 1 registrada
2026-09-26 13:10:44,765 [INFO] Orden de producción 1 iniciada
2026-09-26 13:10:44,765 [INFO] Orden de producción 1 completada
2026-09-26 13:10:44,767 [INFO] Orden 1 registrada
2026-09-26 13:10:44,790 [INFO] Orden 1 registrada
2026-09-26 13:10:44,790 [INFO] Orden 2 registrada
2026-09-26 13:10:44,790 [INFO] Orden 3 registrada
2026-09-26 13:10:44,791 [INFO] Orden 1 registrada
2026-09-26 13:10:44,791 [INFO] Orden de producción 1 iniciada
2026-09-26 13:10:44,793 [INFO] Orden OP-200 registrada
2026-09-26 13:10:44,794 [INFO] CNCMachine en operación
2026-09-26 13:10:44,794 [INFO] Orden OP-201 registrada
2026-09-26 13:10:44,794 [INFO] Orden de producción OP-201 iniciada
2026-09-26 16:08:52,821 [INFO] CNCMachine en operación
2026-09-26 16:08:52,821 [INFO] Orden OP-002 registrada
2026-09-26 16:08:52,821 [INFO] Orden OP-003 registrada
2026-09-26 16:08:52,821 [INFO] Orden OP-004 registrada
2026-09-26 16:08:52,822 [INFO] Orden de producción OP-002 iniciada
2026-10-03 11:04:37,426 [INFO] CNCMachine en operación
2026-10-03 11:04:37,426 [INFO] Orden OP-002 registrada
2026-10-03 11:04:37,426 [INFO] Orden OP-003 registrada
2026-10-03 11:04:37,426 [INFO] Orden OP-004 registrada
2026-10-03 11:04:37,427 [INFO] Orden de producción OP-002 iniciada
2026-10-03 11:05:51,006 [INFO] CNCMachine en operación
2026-10-03 11:05:51,006 [INFO] Orden G-1 registrada
2026-10-03 11:05:51,006 [INFO] Orden OP-9 registrada
2026-10-03 11:05:51,007 [INFO] Orden de producción G-1 iniciada
2026-10-03 11:05:51,007 [INFO] Orden de producción G-1 completada
2026-10-03 11:07:28,967 [INFO] CNCMachine en operación
2026-10-03 11:07:28,968 [INFO] CNCMachine detenida
2026-10-03 11:07:28,976 [INFO] Inspección de CNCMachine: True
2026-10-03 11:07:28,979 [INFO] Orden 1 registrada
2026-10-03 11:07:28,980 [INFO] Orden 1 registrada
2026-10-03 11:07:28,980 [INFO] Orden de producción 1 iniciada
2026-10-03 11:07:28,981 [INFO] Orden 1 registrada
2026-10-03 11:07:28,981 [INFO] Orden de producción 1 iniciada
2026-10-03 11:07:28,981 [INFO] Orden de producción 1 completada
2026-10-03 11:07:28,983 [INFO] Orden 1 registrada
2026-10-03 11:07:29,012 [INFO] CNCMachine en operación
2026-10-03 11:07:29,013 [INFO] Orden G-1 registrada
2026-10-03 11:07:29,013 [INFO] Orden OP-9 registrada
2026-10-03 11:07:29,013 [INFO] Orden de producción G-1 iniciada
2026-10-03 11:07:29,013 [INFO] Orden de producción G-1 completada
2026-10-03 11:07:29,015 [INFO] Orden 1 registrada
2026-10-03 11:07:29,016 [INFO] Orden 2 registrada
2026-10-03 11:07:29,016 [INFO] Orden 3 registrada
2026-10-03 11:07:29,017 [INFO] Orden 1 registrada
2026-10-03 11:07:29,017 [INFO] Orden de producción 1 iniciada
2026-10-03 11:07:29,018 [INFO] Orden OP-200 registrada
2026-10-03 11:07:29,019 [INFO] CNCMachine en operación
2026-10-03 11:07:29,020 [INFO] Orden OP-201 registrada
2026-10-03 11:07:29,020 [INFO] Orden de producción OP-201 iniciada
2026-10-03 11:12:07,632 [INFO] CNCMachine en operación
2026-10-03 11:12:07,633 [INFO] Orden OP-002 registrada
2026-10-03 11:12:07,633 [INFO] Orden OP-003 registrada
2026-10-03 11:12:07,633 [INFO] Orden OP-004 registrada
2026-10-03 11:12:07,633 [INFO] Orden de producción OP-002 iniciada
2026-10-03 11:12:59,413 [INFO] CNCMachine en operación
2026-10-03 11:12:59,413 [INFO] CNCMachine detenida
2026-10-03 11:12:59,421 [INFO] Inspección de CNCMachine: True
2026-10-03 11:12:59,424 [INFO] Orden 1 registrada
2026-10-03 11:12:59,426 [INFO] Orden 1 registrada
2026-10-03 11:12:59,426 [INFO] Orden de producción 1 iniciada
2026-10-03 11:12:59,427 [INFO] Orden 1 registrada
2026-10-03 11:12:59,427 [INFO] Orden de producción 1 iniciada
2026-10-03 11:12:59,427 [INFO] Orden de producción 1 completada
2026-10-03 11:12:59,428 [INFO] Orden 1 registrada
2026-10-03 11:12:59,455 [INFO] CNCMachine en operación
2026-10-03 11:12:59,455 [INFO] Orden G-1 registrada
2026-10-03 11:12:59,455 [INFO] Orden OP-9 registrada
2026-10-03 11:12:59,455 [INFO] Orden de producción G-1 iniciada
2026-10-03 11:12:59,455 [INFO] Orden de producción G-1 completada
2026-10-03 11:12:59,458 [INFO] Orden 1 registrada
2026-10-03 11:12:59,458 [INFO] Orden 2 registrada
2026-10-03 11:12:59,458 [INFO] Orden 3 registrada
2026-10-03 11:12:59,459 [INFO] Orden 1 registrada
2026-10-03 11:12:59,459 [INFO] Orden de producción 1 iniciada
2026-10-03 11:12:59,460 [INFO] Orden OP-200 registrada
2026-10-03 11:12:59,462 [INFO] CNCMachine en operación
2026-10-03 11:12:59,462 [INFO] Orden OP-201 registrada
2026-10-03 11:12:59,462 [INFO] Orden de producción OP-201 iniciada
2026-10-03 11:15:20,839 [INFO] CNCMachine en operación
2026-10-03 11:15:20,839 [INFO] Orden OP-002 registrada
2026-10-03 11:15:20,839 [INFO] Orden OP-003 registrada
2026-10-03 11:15:20,839 [INFO] Orden OP-004 registrada
2026-10-03 11:15:20,840 [INFO] Orden de producción OP-002 iniciada
2026-10-03 11:16:39,159 [INFO] CNCMachine en operación
2026-10-03 11:16:39,159 [INFO] CNCMachine detenida
2026-10-03 11:16:39,171 [INFO] Inspección de CNCMachine: True
2026-10-03 11:16:39,176 [INFO] Orden 1 registrada
2026-10-03 11:16:39,178 [INFO] Orden 1 registrada
2026-10-03 11:16:39,178 [INFO] Orden de producción 1 iniciada
2026-10-03 11:16:39,180 [INFO] Orden 1 registrada
2026-10-03 11:16:39,180 [INFO] Orden de producción 1 iniciada
2026-10-03 11:16:39,180 [INFO] Orden de producción 1 completada
2026-10-03 11:16:39,182 [INFO] Orden 1 registrada
2026-10-03 11:16:39,231 [INFO] CNCMachine en operación
2026-10-03 11:16:39,231 [INFO] Orden G-1 registrada
2026-10-03 11:16:39,231 [INFO] Orden OP-9 registrada
2026-10-03 11:16:39,231 [INFO] Orden de producción G-1 iniciada
2026-10-03 11:16:39,231 [INFO] Orden de producción G-1 completada
2026-10-03 11:16:39,234 [INFO] Orden 1 registrada
2026-10-03 11:16:39,234 [INFO] Orden 2 registrada
2026-10-03 11:16:39,234 [INFO] Orden 3 registrada
2026-10-03 11:16:39,236 [INFO] Orden 1 registrada
2026-10-03 11:16:39,236 [INFO] Orden de producción 1 iniciada
2026-10-03 11:16:39,238 [INFO] Orden OP-200 registrada
2026-10-03 11:16:39,240 [INFO] CNCMachine en operación
2026-10-03 11:16:39,240 [INFO] Orden OP-201 registrada
2026-10-03 11:16:39,240 [INFO] Orden de producción OP-201 iniciada
2026-10-03 11:18:40,384 [INFO] CNCMachine en operación
2026-10-03 11:18:40,384 [INFO] Orden OP-002 registrada
2026-10-03 11:18:40,384 [INFO] Orden OP-003 registrada
2026-10-03 11:18:40,385 [INFO] Orden OP-004 registrada
2026-10-03 11:18:40,385 [INFO] Orden de producción OP-002 iniciada
2026-10-03 11:18:40,386 [INFO] Orden LOTE-01 registrada
2026-10-03 11:18:40,386 [INFO] Orden de producción LOTE-01 iniciada
2026-10-03 11:18:40,386 [INFO] Inspección iniciada para la orden OP-002
2026-10-03 11:18:40,386 [INFO] Inspección aprobada para la orden OP-002
2026-10-03 11:18:40,386 [INFO] Inspección de CNCMachine: True
2026-10-03 11:22:25,634 [INFO] CNCMachine en operación
2026-10-03 11:22:25,634 [INFO] CNCMachine detenida
2026-10-03 11:22:25,647 [INFO] Inspección de CNCMachine: True
2026-10-03 11:22:25,652 [INFO] Orden 1 registrada
2026-10-03 11:22:25,654 [INFO] Orden 1 registrada
2026-10-03 11:22:25,655 [INFO] Orden de producción 1 iniciada
2026-10-03 11:22:25,656 [INFO] Orden 1 registrada
2026-10-03 11:22:25,656 [INFO] Orden de producción 1 iniciada
2026-10-03 11:22:25,657 [INFO] Orden de producción 1 completada
2026-10-03 11:22:25,658 [INFO] Orden 1 registrada
2026-10-03 11:22:25,702 [INFO] CNCMachine en operación
2026-10-03 11:22:25,702 [INFO] Orden G-1 registrada
2026-10-03 11:22:25,702 [INFO] Orden OP-9 registrada
2026-10-03 11:22:25,702 [INFO] Orden de producción G-1 iniciada
2026-10-03 11:22:25,702 [INFO] Orden de producción G-1 completada
2026-10-03 11:22:25,706 [INFO] Orden 1 registrada
2026-10-03 11:22:25,706 [INFO] Orden 2 registrada
2026-10-03 11:22:25,706 [INFO] Orden 3 registrada
2026-10-03 11:22:25,709 [INFO] Orden 1 registrada
2026-10-03 11:22:25,710 [INFO] Orden de producción 1 iniciada
2026-10-03 11:22:25,712 [INFO] Orden OP-200 registrada
2026-10-03 11:22:25,714 [INFO] CNCMachine en operación
2026-10-03 11:22:25,714 [INFO] Orden OP-201 registrada
2026-10-03 11:22:25,714 [INFO] Orden de producción OP-201 iniciada
